 CHR  SNP   A1   A2     TEST            AFF          UNAFF        CHISQ   DF            P
   1  rs1    A    G     GENO         0/3/57         1/2/57           NA   NA           NA
   1  rs1    A    G    TREND          3/117          4/116       0.1164    1        0.733
   1  rs1    A    G  ALLELIC          3/117          4/116       0.1471    1       0.7013
   1  rs1    A    G      DOM           3/57           3/57           NA   NA           NA
   1  rs1    A    G      REC           0/60           1/59           NA   NA           NA
   1  rs2    A    G     GENO         0/4/56         0/0/60           NA   NA           NA
   1  rs2    A    G    TREND          4/116          0/120        4.138    1      0.04193
   1  rs2    A    G  ALLELIC          4/116          0/120        4.068    1      0.04371
   1  rs2    A    G      DOM           4/56           0/60           NA   NA           NA
   1  rs2    A    G      REC           0/60           0/60           NA   NA           NA
   1  rs3    A    G     GENO        7/20/25        8/26/19        1.658    2       0.4365
   1  rs3    A    G    TREND          34/70          42/64        1.038    1       0.3082
   1  rs3    A    G  ALLELIC          34/70          42/64        1.092    1       0.2961
   1  rs3    A    G      DOM          27/25          34/19        1.612    1       0.2042
   1  rs3    A    G      REC           7/45           8/45      0.05715    1       0.8111
   1  rs4    A    G     GENO        9/27/16       12/23/17       0.7789    2       0.6774
   1  rs4    A    G    TREND          45/59          47/57      0.07602    1       0.7828
   1  rs4    A    G  ALLELIC          45/59          47/57      0.07796    1       0.7801
   1  rs4    A    G      DOM          36/16          35/17      0.04439    1       0.8331
   1  rs4    A    G      REC           9/43          12/40        0.537    1       0.4637
   1  rs5    A    G     GENO        5/14/41       10/28/22        12.06    2     0.002401
   1  rs5    A    G    TREND          24/96          48/72        9.796    1     0.001749
   1  rs5    A    G  ALLELIC          24/96          48/72        11.43    1    0.0007232
   1  rs5    A    G      DOM          19/41          38/22        12.06    1    0.0005142
   1  rs5    A    G      REC           5/55          10/50        1.905    1       0.1675
   1  rs6    A    G     GENO        5/29/26       11/36/13        7.337    2      0.02551
   1  rs6    A    G    TREND          39/81          58/62        7.136    1     0.007557
   1  rs6    A    G  ALLELIC          39/81          58/62        6.246    1      0.01245
   1  rs6    A    G      DOM          34/26          47/13         6.42    1      0.01129
   1  rs6    A    G      REC           5/55          11/49        2.596    1       0.1071
   1  rs7    A    G     GENO        0/15/45        1/23/36           NA   NA           NA
   1  rs7    A    G    TREND         15/105          25/95        3.488    1       0.0618
   1  rs7    A    G  ALLELIC         15/105          25/95            3    1      0.08326
   1  rs7    A    G      DOM          15/45          24/36           NA   NA           NA
   1  rs7    A    G      REC           0/60           1/59           NA   NA           NA
   1  rs8    A    G     GENO        9/26/25        6/28/26       0.6937    2       0.7069
   1  rs8    A    G    TREND          44/76          40/80       0.2899    1       0.5903
   1  rs8    A    G  ALLELIC          44/76          40/80        0.293    1       0.5883
   1  rs8    A    G      DOM          35/25          34/26       0.0341    1       0.8535
   1  rs8    A    G      REC           9/51           6/54       0.6857    1       0.4076
   1  rs9    A    G     GENO        6/29/25        7/31/22       0.3351    2       0.8457
   1  rs9    A    G    TREND          41/79          45/75       0.3177    1        0.573
   1  rs9    A    G  ALLELIC          41/79          45/75       0.2899    1       0.5903
   1  rs9    A    G      DOM          35/25          38/22       0.3148    1       0.5748
   1  rs9    A    G      REC           6/54           7/53      0.08627    1        0.769
   1 rs10    A    G     GENO       16/25/19       12/24/24        1.173    2       0.5562
   1 rs10    A    G    TREND          57/63          48/72        1.172    1        0.279
   1 rs10    A    G  ALLELIC          57/63          48/72        1.371    1       0.2416
   1 rs10    A    G      DOM          41/19          36/24       0.9061    1       0.3412
   1 rs10    A    G      REC          16/44          12/48       0.7453    1        0.388
